<?xml version="1.0" encoding="UTF-8"?>
<testsuites name="jest tests" tests="1" failures="0" errors="0" time="4.255">
  <testsuite name="getGithubToken" errors="0" failures="0" skipped="0" timestamp="2022-11-30T15:33:16" time="4.058" tests="1">
    <testcase classname="getGithubToken should return a string" name="getGithubToken should return a string" time="0.002">
    </testcase>
  </testsuite>
</testsuites>